// Jest Snapshot v1, https://goo.gl/fbAQLP

exports[`should match to the generated snapshot 1`] = `
<DocumentFragment>
  <div
    class="userSubsection"
  >
    <div
      class="nameAndAvatar"
    >
      <div
        class="imageContainer"
      >
        <img
          alt="Github user avatar"
          class="image"
          src="testAvtrUrl"
        />
      </div>
      <h3
        class="heading"
      >
        testName
      </h3>
    </div>
    <p>
      testBio
    </p>
  </div>
</DocumentFragment>
`;
