// Jest Snapshot v1, https://goo.gl/fbAQLP

exports[`should match to the generated snapshot 1`] = `
<DocumentFragment>
  <div
    class="notificationContainer"
  >
    <div
      class="notification"
      data-testid="1"
    >
      <div
        class="notificationBody"
      >
        <svg
          aria-hidden="true"
          class="MuiSvgIcon-root"
          data-testid="successIcon"
          focusable="false"
          viewBox="0 0 24 24"
        >
          <path
            d="M9 16.2L4.8 12l-1.4 1.4L9 19 21 7l-1.4-1.4L9 16.2z"
          />
        </svg>
        <p
          class="notificationText"
        >
          test1
        </p>
      </div>
      <svg
        aria-hidden="true"
        class="MuiSvgIcon-root closeIcon"
        data-testid="closeIcon_1"
        focusable="false"
        viewBox="0 0 24 24"
      >
        <path
          d="M19 6.41L17.59 5 12 10.59 6.41 5 5 6.41 10.59 12 5 17.59 6.41 19 12 13.41 17.59 19 19 17.59 13.41 12z"
        />
      </svg>
    </div>
    <div
      class="notification"
      data-testid="2"
    >
      <div
        class="notificationBody"
      >
        <svg
          aria-hidden="true"
          class="MuiSvgIcon-root"
          data-testid="failureIcon"
          focusable="false"
          viewBox="0 0 24 24"
        >
          <path
            d="M12 2C6.48 2 2 6.48 2 12s4.48 10 10 10 10-4.48 10-10S17.52 2 12 2zm1 15h-2v-2h2v2zm0-4h-2V7h2v6z"
          />
        </svg>
        <p
          class="notificationText"
        >
          test2
        </p>
      </div>
      <svg
        aria-hidden="true"
        class="MuiSvgIcon-root closeIcon"
        data-testid="closeIcon_2"
        focusable="false"
        viewBox="0 0 24 24"
      >
        <path
          d="M19 6.41L17.59 5 12 10.59 6.41 5 5 6.41 10.59 12 5 17.59 6.41 19 12 13.41 17.59 19 19 17.59 13.41 12z"
        />
      </svg>
    </div>
    <div
      class="notification"
      data-testid="3"
    >
      <div
        class="notificationBody"
      >
        <svg
          aria-hidden="true"
          class="MuiSvgIcon-root"
          data-testid="failureIcon"
          focusable="false"
          viewBox="0 0 24 24"
        >
          <path
            d="M12 2C6.48 2 2 6.48 2 12s4.48 10 10 10 10-4.48 10-10S17.52 2 12 2zm1 15h-2v-2h2v2zm0-4h-2V7h2v6z"
          />
        </svg>
        <p
          class="notificationText"
        >
          test3
        </p>
      </div>
      <svg
        aria-hidden="true"
        class="MuiSvgIcon-root closeIcon"
        data-testid="closeIcon_3"
        focusable="false"
        viewBox="0 0 24 24"
      >
        <path
          d="M19 6.41L17.59 5 12 10.59 6.41 5 5 6.41 10.59 12 5 17.59 6.41 19 12 13.41 17.59 19 19 17.59 13.41 12z"
        />
      </svg>
    </div>
  </div>
</DocumentFragment>
`;
